// Jest Snapshot v1, https://goo.gl/fbAQLP

exports[`<Counter /> should should render 1`] = `ShallowWrapper {}`;
