// Jest Snapshot v1, https://goo.gl/fbAQLP

exports[`<CounterBth /> should should render 1`] = `ShallowWrapper {}`;
